Copyright 1986-2016 Xilinx, Inc. All Rights Reserved.
---------------------------------------------------------------------------------------
| Tool Version : Vivado v.2016.3 (win64) Build 1682563 Mon Oct 10 19:07:27 MDT 2016
| Date         : Sun Dec 11 18:11:46 2016
| Host         : DESKTOP-53LB28A running 64-bit major release  (build 9200)
| Command      : report_control_sets -verbose -file povDisplay_control_sets_placed.rpt
| Design       : povDisplay
| Device       : xc7a35ti
---------------------------------------------------------------------------------------

Control Set Information

Table of Contents
-----------------
1. Summary
2. Flip-Flop Distribution
3. Detailed Control Set Information

1. Summary
----------

+----------------------------------------------------------+-------+
|                          Status                          | Count |
+----------------------------------------------------------+-------+
| Number of unique control sets                            |     6 |
| Unused register locations in slices containing registers |    16 |
+----------------------------------------------------------+-------+


2. Flip-Flop Distribution
-------------------------

+--------------+-----------------------+------------------------+-----------------+--------------+
| Clock Enable | Synchronous Set/Reset | Asynchronous Set/Reset | Total Registers | Total Slices |
+--------------+-----------------------+------------------------+-----------------+--------------+
| No           | No                    | No                     |             101 |           36 |
| No           | No                    | Yes                    |               0 |            0 |
| No           | Yes                   | No                     |              42 |           16 |
| Yes          | No                    | No                     |               0 |            0 |
| Yes          | No                    | Yes                    |               0 |            0 |
| Yes          | Yes                   | No                     |              65 |           17 |
+--------------+-----------------------+------------------------+-----------------+--------------+


3. Detailed Control Set Information
-----------------------------------

+----------------+---------------------+--------------------------+------------------+----------------+
|  Clock Signal  |    Enable Signal    |     Set/Reset Signal     | Slice Load Count | Bel Load Count |
+----------------+---------------------+--------------------------+------------------+----------------+
|  clk_IBUF_BUFG | led_i_2_n_0         | led_i_1_n_0              |                1 |              1 |
|  clk_IBUF_BUFG |                     | rotationTime[21]_i_1_n_0 |                8 |             10 |
|  clk_IBUF_BUFG |                     | clkCount2                |                8 |             32 |
|  clk_IBUF_BUFG | ledIndex[0]_i_2_n_0 | ledIndex[0]_i_1_n_0      |                8 |             32 |
|  clk_IBUF_BUFG | clkCount2           | colourPos[0]_i_1_n_0     |                8 |             32 |
|  clk_IBUF_BUFG |                     |                          |               36 |            101 |
+----------------+---------------------+--------------------------+------------------+----------------+


+--------+-----------------------+
| Fanout | Number of ControlSets |
+--------+-----------------------+
| 1      |                     1 |
| 10     |                     1 |
| 16+    |                     4 |
+--------+-----------------------+


