#-----------------------------------------------------------
# Vivado v2016.3 (64-bit)
# SW Build 1682563 on Mon Oct 10 19:07:27 MDT 2016
# IP Build 1681267 on Mon Oct 10 21:28:31 MDT 2016
# Start of session at: Sat Nov 12 21:07:13 2016
# Process ID: 12508
# Current directory: C:/Users/Philip Glynn/POVDisplay
# Command line: vivado.exe -gui_launcher_event rodinguilauncherevent14180 C:\Users\Philip Glynn\POVDisplay\POVDisplay.xpr
# Log file: C:/Users/Philip Glynn/POVDisplay/vivado.log
# Journal file: C:/Users/Philip Glynn/POVDisplay\vivado.jou
#-----------------------------------------------------------
start_guioopen_project {C:/Users/Philip Glynn/POVDisplay/POVDisplay.xpr}
reset_run synth_1
launch_runs synth_1
wait_on_run synth_1
reset_run synth_1
launch_runs synth_1
wait_on_run synth_1
launch_runs impl_1
wait_on_run impl_1
launch_runs impl_1 -to_step write_bitstream
wait_on_run impl_1
launch_simulation
source povDisplay.tcl
add_bp {C:/Users/Philip Glynn/Desktop/Verilog/HDL files/povDisplay.sv} 9
reset_run synth_1
launch_runs synth_1
wait_on_run synth_1
update_compile_order -fileset sim_1
launch_simulation
