------------------------------------------------------------
TimeQuest Timing Analyzer Summary
------------------------------------------------------------

Type  : Slow 1200mV 85C Model Setup 'clk'
Slack : -13.909
TNS   : -29305.994

Type  : Slow 1200mV 85C Model Setup 'UART_RX:comb_3|r_recieveFlag'
Slack : -3.376
TNS   : -255.461

Type  : Slow 1200mV 85C Model Hold 'clk'
Slack : 0.324
TNS   : 0.000

Type  : Slow 1200mV 85C Model Hold 'UART_RX:comb_3|r_recieveFlag'
Slack : 0.328
TNS   : 0.000

Type  : Slow 1200mV 85C Model Minimum Pulse Width 'clk'
Slack : -3.000
TNS   : -3972.868

Type  : Slow 1200mV 85C Model Minimum Pulse Width 'UART_RX:comb_3|r_recieveFlag'
Slack : -1.222
TNS   : -116.090

Type  : Slow 1200mV 0C Model Setup 'clk'
Slack : -12.537
TNS   : -26304.652

Type  : Slow 1200mV 0C Model Setup 'UART_RX:comb_3|r_recieveFlag'
Slack : -2.973
TNS   : -223.900

Type  : Slow 1200mV 0C Model Hold 'clk'
Slack : 0.294
TNS   : 0.000

Type  : Slow 1200mV 0C Model Hold 'UART_RX:comb_3|r_recieveFlag'
Slack : 0.296
TNS   : 0.000

Type  : Slow 1200mV 0C Model Minimum Pulse Width 'clk'
Slack : -3.000
TNS   : -3954.148

Type  : Slow 1200mV 0C Model Minimum Pulse Width 'UART_RX:comb_3|r_recieveFlag'
Slack : -1.222
TNS   : -116.090

Type  : Fast 1200mV 0C Model Setup 'clk'
Slack : -6.156
TNS   : -12921.288

Type  : Fast 1200mV 0C Model Setup 'UART_RX:comb_3|r_recieveFlag'
Slack : -1.075
TNS   : -72.737

Type  : Fast 1200mV 0C Model Hold 'clk'
Slack : 0.148
TNS   : 0.000

Type  : Fast 1200mV 0C Model Hold 'UART_RX:comb_3|r_recieveFlag'
Slack : 0.151
TNS   : 0.000

Type  : Fast 1200mV 0C Model Minimum Pulse Width 'clk'
Slack : -3.000
TNS   : -3239.929

Type  : Fast 1200mV 0C Model Minimum Pulse Width 'UART_RX:comb_3|r_recieveFlag'
Slack : -1.000
TNS   : -95.000

------------------------------------------------------------
